// Jest Snapshot v1, https://goo.gl/fbAQLP

exports[`getUser works with token 1`] = `
Object {
  "access": Object {
    "impersonate": false,
    "manage": true,
    "manageGroupMembership": true,
    "mapRoles": true,
    "view": true,
  },
  "attributes": Object {},
  "createdTimestamp": 1,
  "disableableCredentialTypes": Array [
    "password",
  ],
  "email": "service@keycloak-mock.com",
  "emailVerified": true,
  "enabled": true,
  "federatedIdentities": Array [],
  "firstName": "Henk",
  "id": 1,
  "lastName": "Jansen",
  "notBefore": 0,
  "requiredActions": Array [],
  "totp": true,
  "username": "test",
}
`;
