// Jest Snapshot v1, https://goo.gl/fbAQLP

exports[`getUserInfo works with token 1`] = `
Object {
  "email": "service@keycloak-mock.com",
  "email_verified": true,
  "family_name": "Jansen",
  "gender": null,
  "given_name": "Henk",
  "name": "Henk Jansen",
  "preferred_username": "test",
  "sub": 1,
}
`;
