// Jest Snapshot v1, https://goo.gl/fbAQLP

exports[`getUserInfo works with token 1`] = `
Object {
  "created_at": 1,
  "email": "henk@gmail.com",
  "email_verified": true,
  "family_name": "Jansen",
  "gender": null,
  "given_name": "Henk",
  "name": "Henk Jansen",
  "preferred_username": "henk.jansen@gmail.com",
  "sub": "4255c2ae-3f11-4a26-a401-3981c8845df3",
}
`;
